// Jest Snapshot v1, https://goo.gl/fbAQLP

exports[`UploadImagePage component renders upload page without crashing 1`] = `
<UploadImagePage
  history={
    Object {
      "push": [Function],
    }
  }
  location={Object {}}
  match={
    Object {
      "params": Object {},
    }
  }
>
  <section
    id="upload-section"
  >
    <h2
      id="upload-header"
    >
      Upload Image
    </h2>
    <UploadImage
      baby={
        Object {
          "baby": null,
        }
      }
      onLoginSuccess={[Function]}
      onUploadSuccess={[Function]}
    >
      <form
        id="upload-form"
        onSubmit={[Function]}
      >
        <div
          role="alert"
        />
        <label>
          Select an image to upload:
        </label>
        <input
          accept=".png, .jpg, .jpeg .gif"
          aria-label="file"
          id="file"
          name="file"
          type="file"
        />
        <button
          id="upload-button"
          type="submit"
        >
          Submit
        </button>
      </form>
    </UploadImage>
  </section>
</UploadImagePage>
`;
