// Jest Snapshot v1, https://goo.gl/fbAQLP

exports[`CreateProfileForm component renders loading without props 1`] = `
<ContextProvider
  value={
    Object {
      "active": false,
      "babies": Array [],
      "baby": Object {
        "baby": null,
      },
      "clearBaby": [Function],
      "clearError": [Function],
      "error": null,
      "setBabies": undefined,
      "setBaby": [Function],
      "setError": [Function],
      "setNotActive": [Function],
      "setUsersBabies": [Function],
      "toggleActive": [Function],
      "usersBabies": Array [],
    }
  }
>
  <DeletePage
    history={
      Object {
        "push": [Function],
      }
    }
    location={Object {}}
    match={
      Object {
        "params": Object {},
      }
    }
  />
</ContextProvider>
`;
