// Jest Snapshot v1, https://goo.gl/fbAQLP

exports[`Hamburger component renders page without crashing 1`] = `<Hamburger />`;
